[INFO] Scanning for projects...
[INFO] 
[INFO] -------------------------< com.logistica:demo >-------------------------
[INFO] Building cargotecno 0.0.1-SNAPSHOT
[INFO]   from pom.xml
[INFO] --------------------------------[ jar ]---------------------------------
[INFO] 
[INFO] --- clean:3.5.0:clean (default-clean) @ demo ---
[INFO] Deleting C:\Users\claud\OneDrive\Documentos\GitHub\logistica\target
[INFO] 
[INFO] --- resources:3.3.1:resources (default-resources) @ demo ---
[INFO] Copying 1 resource from src\main\resources to target\classes
[INFO] Copying 0 resource from src\main\resources to target\classes
[INFO] 
[INFO] --- compiler:3.14.1:compile (default-compile) @ demo ---
[INFO] Recompiling the module because of changed source code.
[INFO] Compiling 58 source files with javac [debug parameters release 17] to target\classes
[INFO] /C:/Users/claud/OneDrive/Documentos/GitHub/logistica/src/main/java/com/logistica/auth/JwtAuthenticationFilter.java: C:\Users\claud\OneDrive\Documentos\GitHub\logistica\src\main\java\com\logistica\auth\JwtAuthenticationFilter.java uses or overrides a deprecated API.
[INFO] /C:/Users/claud/OneDrive/Documentos/GitHub/logistica/src/main/java/com/logistica/auth/JwtAuthenticationFilter.java: Recompile with -Xlint:deprecation for details.
[INFO] Some messages have been simplified; recompile with -Xdiags:verbose to get full output
[INFO] -------------------------------------------------------------
[ERROR] COMPILATION ERROR : 
[INFO] -------------------------------------------------------------
[ERROR] /C:/Users/claud/OneDrive/Documentos/GitHub/logistica/src/main/java/com/logistica/config/SecurityConfig.java:[61,91] incompatible types: org.springframework.security.crypto.password.PasswordEncoder cannot be converted to org.springframework.security.core.userdetails.UserDetailsService
[ERROR] /C:/Users/claud/OneDrive/Documentos/GitHub/logistica/src/main/java/com/logistica/config/SecurityConfig.java:[62,17] cannot find symbol
  symbol:   method setUserDetailsService(org.springframework.security.core.userdetails.UserDetailsService)
  location: variable provider of type org.springframework.security.authentication.dao.DaoAuthenticationProvider
[INFO] 2 errors 
[INFO] -------------------------------------------------------------
[INFO] ------------------------------------------------------------------------
[INFO] BUILD FAILURE
[INFO] ------------------------------------------------------------------------
[INFO] Total time:  8.249 s
[INFO] Finished at: 2026-03-11T22:00:47-03:00
[INFO] ------------------------------------------------------------------------
[ERROR] Failed to execute goal org.apache.maven.plugins:maven-compiler-plugin:3.14.1:compile (default-compile) on project demo: Compilation failure: Compilation failure: 
[ERROR] /C:/Users/claud/OneDrive/Documentos/GitHub/logistica/src/main/java/com/logistica/config/SecurityConfig.java:[61,91] incompatible types: org.springframework.security.crypto.password.PasswordEncoder cannot be converted to org.springframework.security.core.userdetails.UserDetailsService
[ERROR] /C:/Users/claud/OneDrive/Documentos/GitHub/logistica/src/main/java/com/logistica/config/SecurityConfig.java:[62,17] cannot find symbol
[ERROR]   symbol:   method setUserDetailsService(org.springframework.security.core.userdetails.UserDetailsService)
[ERROR]   location: variable provider of type org.springframework.security.authentication.dao.DaoAuthenticationProvider
[ERROR] -> [Help 1]
[ERROR] 
[ERROR] To see the full stack trace of the errors, re-run Maven with the -e switch.
[ERROR] Re-run Maven using the -X switch to enable full debug logging.
[ERROR] 
[ERROR] For more information about the errors and possible solutions, please read the following articles:
[ERROR] [Help 1] http://cwiki.apache.org/confluence/display/MAVEN/MojoFailureException
